// Jest Snapshot v1, https://goo.gl/fbAQLP

exports[`Testing connectivity to Gemini Prompt Gemini 1`] = `"GÃ¢teau moelleux au chocolat dans une tasse"`;
